// Jest Snapshot v1, https://goo.gl/fbAQLP

exports[`renders selection circle 1`] = `
<View
  style={
    {
      "alignItems": "center",
      "borderBottomColor": "#D7FF36",
      "borderBottomLeftRadius": 999999,
      "borderBottomRightRadius": 999999,
      "borderBottomWidth": 1,
      "borderLeftColor": "#D7FF36",
      "borderLeftWidth": 1,
      "borderRightColor": "#D7FF36",
      "borderRightWidth": 1,
      "borderStyle": "solid",
      "borderTopColor": "#D7FF36",
      "borderTopLeftRadius": 999999,
      "borderTopRightRadius": 999999,
      "borderTopWidth": 1,
      "flexDirection": "column",
      "height": 20,
      "justifyContent": "center",
      "width": 20,
    }
  }
>
  <View
    style={
      {
        "backgroundColor": "#D7FF36",
        "borderBottomLeftRadius": 999999,
        "borderBottomRightRadius": 999999,
        "borderTopLeftRadius": 999999,
        "borderTopRightRadius": 999999,
        "flexDirection": "column",
        "height": 10,
        "opacity": 1,
        "width": 10,
      }
    }
  />
</View>
`;
